[K[K[K[K[K[K[K[K[K[K[K[K[K[K[K[K[K[K[K[K[K[K[K[K[K[K[K[K[K[K[K[K[K[K[K[K[K[K[K[K[K[K[K[K[K[K[K[K[K[K[K[K[K[K[K[K[K[K[K[K[K[K[K[K[K[K[K[K[K[K[K[K[K[K[K[K[K[K[K[K[K[K[K[K[K[K[K[K[K[K[K[K[K[Kreducing column [K[K[K[K35/[K[K[K[K139 (diameter [K[K[K[K0.118612)[K[K[K[K[K[K[K[K[K[K[K[K[K[K[K[K[K[K[K[K[K[K[K[K[K[Kreducing column 43[K[K[K[K/139[K[K[K[K (diameter 0.120163[K[K[K[K)[K[K[K[K[K[K[K[K[K[K[K[K[K[K[K[K[K[K[K[K[K[K[K[K[K[K[K[K[K[K[K[K[K[K[K[K[K[K[K[K[K[K[K[K[K[K[K[K[K[K[K[K[K[K[K[K[K[K[K[K[K[K[K[K[K[K[K[K[K[K[K[K[K[K[Kreducing column 73[K[K[K[K/139[K[K[K[K (diameter 0.12518[K[K[K[K)[K[K[K[K[K[K[K[K[Kreducing column 82[K[K[K[K/139[K[K[K[K (diameter 0.126346[K[K[K[K)[K[K[Kreducing column 83[K[K[K[K/139[K[K[K[K (diameter 0.126356[K[K[K[K)[K[K[K[K[K[K[K[K[K[K[K[K[K[K[K[K[K[K[K[K[K[K[K[K[K[K[K[K[K[K[K[K[K[K[K[K[K[K[K[K[K[K[K[K[K[K[K[K[K[K[K[K[K[K[K[K[K[K[K[K[K[K[Kreducing column 109[K[K[K[K/139[K[K[K[K (diameter 0.13167[K[K[K[K)[K[K[K[K[K[K[K[K[K[K[K[K[K[K[K[K[K[K[K[K[K[K[K[K[K[K[K[K[K[K[K[K[K[K[K[K[K[K[K[K[K[K[K[K[K[K[K[K[K[K[K[K[K[K[K[K[K[K[K[K[K[K[K[K[K[K[K[K[K[K[K[K[K[K[K[Kassembling columns[K[K[K[K[Ksorting reducing column 135reducing column 1371876 columns/139/139[K (diameter 0.143739 (diameter 0.143849[K[K)[K)[K[K[K[K[K[K[K[K[K[K[K[K[K[K[K[K[Kassembling columns[K[Kassembling columns[Ksorting [K[K[Ksorting 1876 columnsreducing column 341876 columns[K[K/1876[K[K[K[K (diameter 0.126622[K[K[K[K)[K[K[K[K[K[K[K[K[K[K[K[K[K[K[K[K[K[K[K[K[K[K[K[K[K[K[K[K[K[K[K[K[K[K[K[K[K[K[K[K[K[K[K[K[K[K[K[K[K[K[K[K[K[K[K[K[K[K[K[K[K[K[K[K[K[K[K[K[K[K[K[K[K[K[K[K[K[K[K[K[Kreducing column 75[K[K[K[K/1876reducing column 95reducing column 80 (diameter 0.129605/1876/1876)[K (diameter 0.130362 (diameter 0.129628[K[K)[K)[K[K[K[K[K[K[K[K[K[K[K[K[K[K[K[K[K[K[K[K[K[K[K[K[K[K[K[K[K[K[K[K[K[K[K[K[K[K[K[K[K[K[K[K[K[K[K[K[K[K[K[K[K[K[K[K[K[K[K[K[K[K[K[K[K[K[K[K[K[K[K[K[K[K[K[K[K[K[K[K[K[K[K[K[K[K[K[K[K[K[K[K[K[K[K[K[K[K[K[K[K[K[K[K[K[K[K[K[K[K[K[K[K[K[K[K[K[K[K[K[K[K[K[K[K[K[K[K[K[K[K[K[K[K[K[K[K[K[Kreducing column 202[Kreducing column [K[K/1876233/reducing column 207 (diameter 0.1337041876 (diameter /1876)[K0.134925) (diameter 0.133814[K[K[K[K)[K[K[K[K[K[K[K[K[K[K[K[K[K[K[K[K[K[K[K[K[K[K[K[K[K[K[K[K[K[K[K[K[K[K[K[K[K[K[K[K[K[K[K[K[K[K[K[K[K[K[K[K[K[K[K[K[K[K[K[K[K[K[K[K[K[K[K[K[K[K[K[K[K[K[K[K[K[K[K[K[K[K[K[K[K[K[K[K[K[K[K[K[K[Kreducing column reducing column 379reducing column 387424//1876/18761876 (diameter  (diameter 0.139133 (diameter 0.1392060.140021))[K)[K[K[K[K[K[K[K[K[K[K[K[K[K[K[K[K[K[K[K[K[K[K[K[K[K[K[K[K[K[K[K[K[K[K[K[K[K[K[K[K[K[K[K[K[K[K[K[K[K[K[K[K[K[K[K[K[K[K[K[K[K[K[K[K[K[K[K[K[K[K[K[K[K[K[K[K[K[K[K[K[K[Kreducing column [Kreducing column 699/947/1876 (diameter 1876 (diameter 0.147189)0.152004)[K[K[K[Kmultiprocess.pool.RemoteTraceback: 
"""
Traceback (most recent call last):
  File "/home/e.ty/.conda/envs/alg_top/lib/python3.9/site-packages/multiprocess/pool.py", line 125, in worker
    result = (True, func(*args, **kwds))
  File "/home/e.ty/.conda/envs/alg_top/lib/python3.9/site-packages/multiprocess/pool.py", line 48, in mapstar
    return list(map(*args))
  File "/home/e.ty/.conda/envs/alg_top/lib/python3.9/site-packages/pathos/helpers/mp_helper.py", line 15, in <lambda>
    func = lambda args: f(*args)
  File "/scratch/tyoeasley/brain_representations/bootstrap_benchmarks/bootstrap_from_dist_mtx.py", line 62, in call_bootstrap_matching
    list_matched_X_Xi, list_affinity_X_Xi, list_phom_X, list_phom_Xi = mm.bootstrap_matching(dX=dX, subidx_list=subidx_list)
  File "/scratch/tyoeasley/brain_representations/src_py/interval-matching-precomp_metric/match/utils_PH/mult_matches.py", line 30, in bootstrap_matching
    bars_X, reps_X, tight_reps_X, indices_X = extract.extract_bars_reps_indices(out_X, only_dim_1 = False)
  File "/scratch/tyoeasley/brain_representations/src_py/interval-matching-precomp_metric/match/utils_PH/extract.py", line 115, in extract_bars_reps_indices
    if not x : raise ValueError("no intervals found")
ValueError: no intervals found
"""

The above exception was the direct cause of the following exception:

Traceback (most recent call last):
  File "/scratch/tyoeasley/brain_representations/bootstrap_benchmarks/bootstrap_from_dist_mtx.py", line 90, in <module>
    main(
  File "/scratch/tyoeasley/brain_representations/bootstrap_benchmarks/bootstrap_from_dist_mtx.py", line 23, in main
    *P.map(call_bootstrap_matching, inp_list)
  File "/home/e.ty/.conda/envs/alg_top/lib/python3.9/site-packages/pathos/multiprocessing.py", line 135, in map
    return _pool.map(star(f), zip(*args)) # chunksize
  File "/home/e.ty/.conda/envs/alg_top/lib/python3.9/site-packages/multiprocess/pool.py", line 364, in map
    return self._map_async(func, iterable, mapstar, chunksize).get()
  File "/home/e.ty/.conda/envs/alg_top/lib/python3.9/site-packages/multiprocess/pool.py", line 771, in get
    raise self._value
ValueError: no intervals found
