[K[K[K[K[K[K[K[K[K[K[K[K[K[K[K[K[K[K[K[K[K[K[K[K[K[K[K[K[K[K[K[K[K[K[K[K[K[K[K[K[K[K[K[K[K[K[K[K[K[K[K[K[K[K[K[K[K[K[K[K[K[K[K[K[K[K[K[K[K[K[K[K[K[K[K[K[K[K[K[K[K[K[K[K[K[K[K[K[K[K[K[K[K[K[K[K[K[K[K[K[K[K[K[K[K[K[K[K[K[K[Kreducing column [K[K[K[K56/[K[K[K[K140 (diameter [K[K[K[K0.335802)[K[K[K[K[K[K[K[K[K[K[K[K[K[K[K[K[K[K[K[K[K[K[K[K[K[K[K[K[K[K[K[K[K[K[K[K[K[K[K[K[K[K[K[K[K[K[K[K[K[K[K[K[K[K[K[K[K[K[K[K[K[K[K[K[K[K[K[Kreducing column 55[K[K[K[K/140[K[K[K[K (diameter 0.335799[K[Kreducing column 59)[K[K[K/140[K[K[K[K (diameter 0.335809[K[K[K[K)[K[K[K[K[K[K[K[K[K[K[K[K[K[K[K[K[K[K[K[K[K[K[K[K[K[K[K[K[K[K[K[K[K[K[K[K[K[K[K[K[K[K[K[K[K[K[K[K[K[K[K[K[K[K[K[K[K[K[K[K[K[K[K[K[K[K[K[K[K[K[K[K[K[K[K[K[K[K[K[K[K[K[K[K[K[K[K[K[K[K[K[K[K[K[K[K[K[K[K[K[K[K[K[K[Kreducing column 123[K[K[K[K/140[K[K[K[K (diameter 0.336359[K[K[K[K)[K[K[K[K[K[K[K[K[K[K[K[K[K[K[K[K[K[K[K[K[K[Kreducing column [K[K[K[K108/[K[K[K[K140 (diameter [K[K[Kreducing column 0.336178)[K[K112/[K[K[K[K140 (diameter [K[K[K[K0.336227)[K[K[Kassembling columns[K[K[K[K[Ksorting [K[K[K[K1138 columns[K[K[K[K[K[K[K[K[K[K[K[K[K[Kreducing column 121[K[Kreducing column 121/140[K[K/140 (diameter 0.336318[K[K (diameter 0.336318)[K[K[K)[K[K[K[K[K[K[K[K[K[K[K[K[K[K[K[K[K[K[K[K[K[K[K[K[K[K[K[K[K[K[K[K[K[K[K[K[K[K[K[K[K[K[K[K[K[K[K[K[K[K[K[K[K[K[K[K[K[K[K[K[K[Kassembling columns[K[K[Kassembling columns[Ksorting reducing column 75[Ksorting 1138 columns/11381138 columns[K[K (diameter 0.336185[K[K[K[K)[K[K[K[K[K[K[K[K[K[K[K[K[K[K[K[K[K[K[K[K[K[K[K[K[K[K[K[K[K[K[K[K[K[K[K[K[K[K[K[K[K[K[K[K[K[K[K[K[K[K[K[K[K[K[K[K[K[K[K[K[K[K[K[K[K[K[K[K[K[K[K[K[K[K[K[K[K[K[K[K[K[K[K[K[K[K[K[K[K[K[K[K[K[K[K[K[K[K[K[K[K[K[K[K[K[K[K[K[K[K[K[K[K[K[K[K[K[K[K[K[K[K[K[K[K[K[K[K[K[K[K[K[K[K[K[K[K[K[K[K[Kreducing column 136[K[K[K[K/1138[K[K[K[K (diameter 0.336417[K[K[K[K)[K[K[Kreducing column 160[K[Kreducing column 287/1138[K[K/1138 (diameter 0.336477[K[K (diameter 0.33666)[K[K[K)[K[K[K[K[K[K[K[K[K[K[K[K[K[K[K[K[K[K[K[K[K[K[K[K[K[K[K[K[K[K[K[K[K[K[K[K[K[K[K[K[K[K[K[K[Kreducing column 221reducing column 221/1138/1138 (diameter 0.336561 (diameter 0.336561)[K)[K[K[K[K[K[K[K[K[K[K[K[K[K[K[K[K[K[K[K[K[K[K[Kreducing column 267reducing column 277/1138/1138 (diameter 0.336633 (diameter 0.336653)[K)[K[K[K[K[K[K[K[K[K[K[K[K[K[K[K[K[K[K[K[K[K[K[K[K[K[K[Kmultiprocess.pool.RemoteTraceback: 
"""
Traceback (most recent call last):
  File "/home/e.ty/.conda/envs/alg_top/lib/python3.9/site-packages/multiprocess/pool.py", line 125, in worker
    result = (True, func(*args, **kwds))
  File "/home/e.ty/.conda/envs/alg_top/lib/python3.9/site-packages/multiprocess/pool.py", line 48, in mapstar
    return list(map(*args))
  File "/home/e.ty/.conda/envs/alg_top/lib/python3.9/site-packages/pathos/helpers/mp_helper.py", line 15, in <lambda>
    func = lambda args: f(*args)
  File "/scratch/tyoeasley/brain_representations/bootstrap_benchmarks/bootstrap_from_dist_mtx.py", line 62, in call_bootstrap_matching
    list_matched_X_Xi, list_affinity_X_Xi, list_phom_X, list_phom_Xi = mm.bootstrap_matching(dX=dX, subidx_list=subidx_list)
  File "/scratch/tyoeasley/brain_representations/src_py/interval-matching-precomp_metric/match/utils_PH/mult_matches.py", line 50, in bootstrap_matching
    bars_X_Z, indices_X_Z = extract.extract_bars_indices(out_X_Z, only_dim_1 = False)
  File "/scratch/tyoeasley/brain_representations/src_py/interval-matching-precomp_metric/match/utils_PH/extract.py", line 244, in extract_bars_indices
    if not x : raise ValueError("no match found")
ValueError: no match found
"""

The above exception was the direct cause of the following exception:

Traceback (most recent call last):
  File "/scratch/tyoeasley/brain_representations/bootstrap_benchmarks/bootstrap_from_dist_mtx.py", line 90, in <module>
    main(
  File "/scratch/tyoeasley/brain_representations/bootstrap_benchmarks/bootstrap_from_dist_mtx.py", line 23, in main
    *P.map(call_bootstrap_matching, inp_list)
  File "/home/e.ty/.conda/envs/alg_top/lib/python3.9/site-packages/pathos/multiprocessing.py", line 135, in map
    return _pool.map(star(f), zip(*args)) # chunksize
  File "/home/e.ty/.conda/envs/alg_top/lib/python3.9/site-packages/multiprocess/pool.py", line 364, in map
    return self._map_async(func, iterable, mapstar, chunksize).get()
  File "/home/e.ty/.conda/envs/alg_top/lib/python3.9/site-packages/multiprocess/pool.py", line 771, in get
    raise self._value
ValueError: no match found
